
Allocating common symbols
Common symbol       size              file

user_physical_pool  0x10              build/memory.o
kernel_physical_pool
                    0x10              build/memory.o
intr_name           0x84              build/interrupt.o
idt_table           0x84              build/interrupt.o
kernel_virtual_pool
                    0xc               build/memory.o

Discarded input sections

 .note.GNU-stack
                0x0000000000000000        0x0 build/main.o
 .note.GNU-stack
                0x0000000000000000        0x0 build/init.o
 .note.GNU-stack
                0x0000000000000000        0x0 build/interrupt.o
 .note.GNU-stack
                0x0000000000000000        0x0 build/timer.o
 .note.GNU-stack
                0x0000000000000000        0x0 build/debug.o
 .note.GNU-stack
                0x0000000000000000        0x0 build/string.o
 .note.GNU-stack
                0x0000000000000000        0x0 build/bitmap.o
 .note.GNU-stack
                0x0000000000000000        0x0 build/memory.o

Memory Configuration

Name             Origin             Length             Attributes
*default*        0x0000000000000000 0xffffffffffffffff

Linker script and memory map

Address of section .text set to 0xc0001500
LOAD build/main.o
LOAD build/init.o
LOAD build/interrupt.o
LOAD build/timer.o
LOAD build/kernel.o
LOAD build/print.o
LOAD build/debug.o
LOAD build/string.o
LOAD build/bitmap.o
LOAD build/memory.o
                [!provide]                        PROVIDE (__executable_start = SEGMENT_START ("text-segment", 0x8048000))
                0x00000000080480d4                . = (SEGMENT_START ("text-segment", 0x8048000) + SIZEOF_HEADERS)

.interp
 *(.interp)

.note.gnu.build-id
 *(.note.gnu.build-id)

.hash
 *(.hash)

.gnu.hash
 *(.gnu.hash)

.dynsym
 *(.dynsym)

.dynstr
 *(.dynstr)

.gnu.version
 *(.gnu.version)

.gnu.version_d
 *(.gnu.version_d)

.gnu.version_r
 *(.gnu.version_r)

.rel.dyn        0x00000000080480d4        0x0
 *(.rel.init)
 *(.rel.text .rel.text.* .rel.gnu.linkonce.t.*)
 .rel.text      0x00000000080480d4        0x0 build/main.o
 *(.rel.fini)
 *(.rel.rodata .rel.rodata.* .rel.gnu.linkonce.r.*)
 *(.rel.data.rel.ro .rel.data.rel.ro.* .rel.gnu.linkonce.d.rel.ro.*)
 *(.rel.data .rel.data.* .rel.gnu.linkonce.d.*)
 *(.rel.tdata .rel.tdata.* .rel.gnu.linkonce.td.*)
 *(.rel.tbss .rel.tbss.* .rel.gnu.linkonce.tb.*)
 *(.rel.ctors)
 *(.rel.dtors)
 *(.rel.got)
 .rel.got       0x00000000080480d4        0x0 build/main.o
 *(.rel.bss .rel.bss.* .rel.gnu.linkonce.b.*)
 *(.rel.ifunc)

.rel.plt        0x00000000080480d4        0x0
 *(.rel.plt)
                [!provide]                        PROVIDE (__rel_iplt_start = .)
 *(.rel.iplt)
 .rel.iplt      0x00000000080480d4        0x0 build/main.o
                [!provide]                        PROVIDE (__rel_iplt_end = .)
                0x0000000008049000                . = ALIGN (CONSTANT (MAXPAGESIZE))

.init
 *(SORT_NONE(.init))

.plt            0x0000000008049000        0x0
 *(.plt)
 *(.iplt)
 .iplt          0x0000000008049000        0x0 build/main.o

.plt.got
 *(.plt.got)

.plt.sec
 *(.plt.sec)

.text           0x00000000c0001500     0x1315
 *(.text.unlikely .text.*_unlikely .text.unlikely.*)
 *(.text.exit .text.exit.*)
 *(.text.startup .text.startup.*)
 *(.text.hot .text.hot.*)
 *(SORT_BY_NAME(.text.sorted.*))
 *(.text .stub .text.* .gnu.linkonce.t.*)
 .text          0x00000000c0001500       0x1c build/main.o
                0x00000000c0001500                main
 .text          0x00000000c000151c       0x23 build/init.o
                0x00000000c000151c                init_all
 .text          0x00000000c000153f      0x3b4 build/interrupt.o
                0x00000000c0001805                idt_init
                0x00000000c0001863                get_intr_status
                0x00000000c0001886                intr_open
                0x00000000c00018af                intr_close
                0x00000000c00018d8                set_intr_status
 .text          0x00000000c00018f3      0x100 build/timer.o
                0x00000000c00019a7                timer_init
 *fill*         0x00000000c00019f3        0xd 
 .text          0x00000000c0001a00      0x393 build/kernel.o
                0x00000000c0001a00                intr_exit
 *fill*         0x00000000c0001d93        0xd 
 .text          0x00000000c0001da0      0x14e build/print.o
                0x00000000c0001da0                put_str
                0x00000000c0001dbe                put_char
                0x00000000c0001e8b                put_int
 .text          0x00000000c0001eee       0xa5 build/debug.o
                0x00000000c0001eee                debug_print
 .text          0x00000000c0001f93      0x4da build/string.o
                0x00000000c0001f93                memset
                0x00000000c0001fef                memcpy
                0x00000000c0002057                memcmp
                0x00000000c00020e7                strcpy
                0x00000000c0002162                strlen
                0x00000000c00021b4                strcmp
                0x00000000c0002293                strcat
                0x00000000c0002328                strchr
                0x00000000c0002391                strrchr
                0x00000000c0002400                strchrs
 .text          0x00000000c000246d      0x1ef build/bitmap.o
                0x00000000c000246d                bitmap_init
                0x00000000c0002494                judge_bitmap
                0x00000000c00024e0                bitmap_set
                0x00000000c0002599                bitmap_scan
 .text          0x00000000c000265c      0x1b9 build/memory.o
                0x00000000c00027e0                mem_init
 *(.gnu.warning)

.fini
 *(SORT_NONE(.fini))
                [!provide]                        PROVIDE (__etext = .)
                [!provide]                        PROVIDE (_etext = .)
                [!provide]                        PROVIDE (etext = .)
                0x00000000c0003000                . = ALIGN (CONSTANT (MAXPAGESIZE))
                0x00000000c0003000                . = SEGMENT_START ("rodata-segment", (ALIGN (CONSTANT (MAXPAGESIZE)) + (. & (CONSTANT (MAXPAGESIZE) - 0x1))))

.rodata         0x00000000c0003000      0x466
 *(.rodata .rodata.* .gnu.linkonce.r.*)
 .rodata        0x00000000c0003000       0x10 build/main.o
 .rodata        0x00000000c0003010        0xa build/init.o
 *fill*         0x00000000c000301a        0x2 
 .rodata        0x00000000c000301c      0x265 build/interrupt.o
 .rodata        0x00000000c0003281       0x23 build/timer.o
 .rodata        0x00000000c00032a4       0x4a build/debug.o
 .rodata        0x00000000c00032ee       0x98 build/string.o
 .rodata        0x00000000c0003386       0x36 build/bitmap.o
 .rodata        0x00000000c00033bc       0xaa build/memory.o

.rodata1
 *(.rodata1)

.eh_frame_hdr
 *(.eh_frame_hdr)
 *(.eh_frame_entry .eh_frame_entry.*)

.eh_frame
 *(.eh_frame)
 *(.eh_frame.*)

.gcc_except_table
 *(.gcc_except_table .gcc_except_table.*)

.gnu_extab
 *(.gnu_extab*)

.exception_ranges
 *(.exception_ranges*)
                0x00000000c0004466                . = DATA_SEGMENT_ALIGN (CONSTANT (MAXPAGESIZE), CONSTANT (COMMONPAGESIZE))

.eh_frame
 *(.eh_frame)
 *(.eh_frame.*)

.gnu_extab
 *(.gnu_extab)

.gcc_except_table
 *(.gcc_except_table .gcc_except_table.*)

.exception_ranges
 *(.exception_ranges*)

.tdata          0x00000000c0004466        0x0
                [!provide]                        PROVIDE (__tdata_start = .)
 *(.tdata .tdata.* .gnu.linkonce.td.*)

.tbss
 *(.tbss .tbss.* .gnu.linkonce.tb.*)
 *(.tcommon)

.preinit_array  0x00000000c0004466        0x0
                [!provide]                        PROVIDE (__preinit_array_start = .)
 *(.preinit_array)
                [!provide]                        PROVIDE (__preinit_array_end = .)

.init_array     0x00000000c0004466        0x0
                [!provide]                        PROVIDE (__init_array_start = .)
 *(SORT_BY_INIT_PRIORITY(.init_array.*) SORT_BY_INIT_PRIORITY(.ctors.*))
 *(.init_array EXCLUDE_FILE(*crtend?.o *crtend.o *crtbegin?.o *crtbegin.o) .ctors)
                [!provide]                        PROVIDE (__init_array_end = .)

.fini_array     0x00000000c0004466        0x0
                [!provide]                        PROVIDE (__fini_array_start = .)
 *(SORT_BY_INIT_PRIORITY(.fini_array.*) SORT_BY_INIT_PRIORITY(.dtors.*))
 *(.fini_array EXCLUDE_FILE(*crtend?.o *crtend.o *crtbegin?.o *crtbegin.o) .dtors)
                [!provide]                        PROVIDE (__fini_array_end = .)

.ctors
 *crtbegin.o(.ctors)
 *crtbegin?.o(.ctors)
 *(EXCLUDE_FILE(*crtend?.o *crtend.o) .ctors)
 *(SORT_BY_NAME(.ctors.*))
 *(.ctors)

.dtors
 *crtbegin.o(.dtors)
 *crtbegin?.o(.dtors)
 *(EXCLUDE_FILE(*crtend?.o *crtend.o) .dtors)
 *(SORT_BY_NAME(.dtors.*))
 *(.dtors)

.jcr
 *(.jcr)

.data.rel.ro
 *(.data.rel.ro.local* .gnu.linkonce.d.rel.ro.local.*)
 *(.data.rel.ro .data.rel.ro.* .gnu.linkonce.d.rel.ro.*)

.dynamic
 *(.dynamic)

.got            0x00000000c0004468        0x0
 *(.got)
 .got           0x00000000c0004468        0x0 build/main.o
 *(.igot)
                0x00000000c0004468                . = DATA_SEGMENT_RELRO_END (., (SIZEOF (.got.plt) >= 0xc)?0xc:0x0)

.got.plt        0x00000000c0004468        0x0
 *(.got.plt)
 .got.plt       0x00000000c0004468        0x0 build/main.o
 *(.igot.plt)
 .igot.plt      0x00000000c0004468        0x0 build/main.o

.data           0x00000000c0004468       0x8c
 *(.data .data.* .gnu.linkonce.d.*)
 .data          0x00000000c0004468        0x0 build/main.o
 .data          0x00000000c0004468        0x0 build/init.o
 .data          0x00000000c0004468        0x0 build/interrupt.o
 .data          0x00000000c0004468        0x0 build/timer.o
 .data          0x00000000c0004468       0x84 build/kernel.o
                0x00000000c0004468                intr_entry_table
 .data          0x00000000c00044ec        0x8 build/print.o
 .data          0x00000000c00044f4        0x0 build/debug.o
 .data          0x00000000c00044f4        0x0 build/string.o
 .data          0x00000000c00044f4        0x0 build/bitmap.o
 .data          0x00000000c00044f4        0x0 build/memory.o

.data1
 *(.data1)
                0x00000000c00044f4                _edata = .
                [!provide]                        PROVIDE (edata = .)
                0x00000000c00044f4                . = .
                0x00000000c00044f4                __bss_start = .

.bss            0x00000000c0004500      0x270
 *(.dynbss)
 *(.bss .bss.* .gnu.linkonce.b.*)
 .bss           0x00000000c0004500        0x0 build/main.o
 .bss           0x00000000c0004500        0x0 build/init.o
 .bss           0x00000000c0004500      0x108 build/interrupt.o
 .bss           0x00000000c0004608        0x0 build/timer.o
 .bss           0x00000000c0004608        0x0 build/debug.o
 .bss           0x00000000c0004608        0x0 build/string.o
 .bss           0x00000000c0004608        0x0 build/bitmap.o
 .bss           0x00000000c0004608        0x0 build/memory.o
 *(COMMON)
 *fill*         0x00000000c0004608       0x18 
 COMMON         0x00000000c0004620      0x124 build/interrupt.o
                0x00000000c0004620                intr_name
                0x00000000c00046c0                idt_table
 COMMON         0x00000000c0004744       0x2c build/memory.o
                0x00000000c0004744                user_physical_pool
                0x00000000c0004754                kernel_physical_pool
                0x00000000c0004764                kernel_virtual_pool
                0x00000000c0004770                . = ALIGN ((. != 0x0)?0x4:0x1)
                0x00000000c0004770                . = ALIGN (0x4)
                0x00000000c0004770                . = SEGMENT_START ("ldata-segment", .)
                0x00000000c0004770                . = ALIGN (0x4)
                0x00000000c0004770                _end = .
                [!provide]                        PROVIDE (end = .)
                0x00000000c0004770                . = DATA_SEGMENT_END (.)

.stab           0x0000000000000000      0x7f8
 *(.stab)
 .stab          0x0000000000000000      0x210 build/kernel.o
 .stab          0x0000000000000210      0x5e8 build/print.o
                                        0x5f4 (size before relaxing)

.stabstr        0x0000000000000000       0x24
 *(.stabstr)
 .stabstr       0x0000000000000000       0x24 build/kernel.o

.stab.excl
 *(.stab.excl)

.stab.exclstr
 *(.stab.exclstr)

.stab.index
 *(.stab.index)

.stab.indexstr
 *(.stab.indexstr)

.comment        0x0000000000000000       0x2a
 *(.comment)
 .comment       0x0000000000000000       0x2a build/main.o
                                         0x2b (size before relaxing)
 .comment       0x000000000000002a       0x2b build/init.o
 .comment       0x000000000000002a       0x2b build/interrupt.o
 .comment       0x000000000000002a       0x2b build/timer.o
 .comment       0x000000000000002a       0x2b build/debug.o
 .comment       0x000000000000002a       0x2b build/string.o
 .comment       0x000000000000002a       0x2b build/bitmap.o
 .comment       0x000000000000002a       0x2b build/memory.o

.gnu.build.attributes
 *(.gnu.build.attributes .gnu.build.attributes.*)

.debug
 *(.debug)

.line
 *(.line)

.debug_srcinfo
 *(.debug_srcinfo)

.debug_sfnames
 *(.debug_sfnames)

.debug_aranges  0x0000000000000000      0x100
 *(.debug_aranges)
 .debug_aranges
                0x0000000000000000       0x20 build/main.o
 .debug_aranges
                0x0000000000000020       0x20 build/init.o
 .debug_aranges
                0x0000000000000040       0x20 build/interrupt.o
 .debug_aranges
                0x0000000000000060       0x20 build/timer.o
 .debug_aranges
                0x0000000000000080       0x20 build/debug.o
 .debug_aranges
                0x00000000000000a0       0x20 build/string.o
 .debug_aranges
                0x00000000000000c0       0x20 build/bitmap.o
 .debug_aranges
                0x00000000000000e0       0x20 build/memory.o

.debug_pubnames
                0x0000000000000000      0x238
 *(.debug_pubnames)
 .debug_pubnames
                0x0000000000000000       0x1b build/main.o
 .debug_pubnames
                0x000000000000001b       0x1f build/init.o
 .debug_pubnames
                0x000000000000003a       0x80 build/interrupt.o
 .debug_pubnames
                0x00000000000000ba       0x21 build/timer.o
 .debug_pubnames
                0x00000000000000db       0x22 build/debug.o
 .debug_pubnames
                0x00000000000000fd       0x82 build/string.o
 .debug_pubnames
                0x000000000000017f       0x52 build/bitmap.o
 .debug_pubnames
                0x00000000000001d1       0x67 build/memory.o

.debug_info     0x0000000000000000      0xf8e
 *(.debug_info .gnu.linkonce.wi.*)
 .debug_info    0x0000000000000000       0x77 build/main.o
 .debug_info    0x0000000000000077       0x73 build/init.o
 .debug_info    0x00000000000000ea      0x360 build/interrupt.o
 .debug_info    0x000000000000044a      0x11d build/timer.o
 .debug_info    0x0000000000000567       0xc2 build/debug.o
 .debug_info    0x0000000000000629      0x50d build/string.o
 .debug_info    0x0000000000000b36      0x239 build/bitmap.o
 .debug_info    0x0000000000000d6f      0x21f build/memory.o

.debug_abbrev   0x0000000000000000      0x548
 *(.debug_abbrev)
 .debug_abbrev  0x0000000000000000       0x41 build/main.o
 .debug_abbrev  0x0000000000000041       0x3f build/init.o
 .debug_abbrev  0x0000000000000080      0x13f build/interrupt.o
 .debug_abbrev  0x00000000000001bf       0x7f build/timer.o
 .debug_abbrev  0x000000000000023e       0x60 build/debug.o
 .debug_abbrev  0x000000000000029e       0xe7 build/string.o
 .debug_abbrev  0x0000000000000385      0x10a build/bitmap.o
 .debug_abbrev  0x000000000000048f       0xb9 build/memory.o

.debug_line     0x0000000000000000      0x41e
 *(.debug_line .debug_line.* .debug_line_end)
 .debug_line    0x0000000000000000       0x42 build/main.o
 .debug_line    0x0000000000000042       0x40 build/init.o
 .debug_line    0x0000000000000082       0xdc build/interrupt.o
 .debug_line    0x000000000000015e       0x74 build/timer.o
 .debug_line    0x00000000000001d2       0x4b build/debug.o
 .debug_line    0x000000000000021d       0xd3 build/string.o
 .debug_line    0x00000000000002f0       0x95 build/bitmap.o
 .debug_line    0x0000000000000385       0x99 build/memory.o

.debug_frame    0x0000000000000000      0x3d4
 *(.debug_frame)
 .debug_frame   0x0000000000000000       0x2c build/main.o
 .debug_frame   0x000000000000002c       0x2c build/init.o
 .debug_frame   0x0000000000000058      0x124 build/interrupt.o
 .debug_frame   0x000000000000017c       0x64 build/timer.o
 .debug_frame   0x00000000000001e0       0x2c build/debug.o
 .debug_frame   0x000000000000020c      0x104 build/string.o
 .debug_frame   0x0000000000000310       0x80 build/bitmap.o
 .debug_frame   0x0000000000000390       0x44 build/memory.o

.debug_str      0x0000000000000000      0x528
 *(.debug_str)
 .debug_str     0x0000000000000000       0x88 build/main.o
                                         0xa1 (size before relaxing)
 .debug_str     0x0000000000000088       0x17 build/init.o
                                         0xa5 (size before relaxing)
 .debug_str     0x000000000000009f      0x187 build/interrupt.o
                                        0x23f (size before relaxing)
 .debug_str     0x0000000000000226       0x5b build/timer.o
                                        0x109 (size before relaxing)
 .debug_str     0x0000000000000281       0x3d build/debug.o
                                         0xd0 (size before relaxing)
 .debug_str     0x00000000000002be       0x7a build/string.o
                                        0x136 (size before relaxing)
 .debug_str     0x0000000000000338       0x82 build/bitmap.o
                                        0x155 (size before relaxing)
 .debug_str     0x00000000000003ba      0x16e build/memory.o
                                        0x231 (size before relaxing)

.debug_loc      0x0000000000000000      0x5ac
 *(.debug_loc)
 .debug_loc     0x0000000000000000       0x2c build/main.o
 .debug_loc     0x000000000000002c       0x2c build/init.o
 .debug_loc     0x0000000000000058      0x1e4 build/interrupt.o
 .debug_loc     0x000000000000023c       0x84 build/timer.o
 .debug_loc     0x00000000000002c0       0x2c build/debug.o
 .debug_loc     0x00000000000002ec      0x1b8 build/string.o
 .debug_loc     0x00000000000004a4       0xb0 build/bitmap.o
 .debug_loc     0x0000000000000554       0x58 build/memory.o

.debug_macinfo
 *(.debug_macinfo)

.debug_weaknames
 *(.debug_weaknames)

.debug_funcnames
 *(.debug_funcnames)

.debug_typenames
 *(.debug_typenames)

.debug_varnames
 *(.debug_varnames)

.debug_pubtypes
 *(.debug_pubtypes)

.debug_ranges
 *(.debug_ranges)

.debug_macro
 *(.debug_macro)

.debug_addr
 *(.debug_addr)

.gnu.attributes
 *(.gnu.attributes)

/DISCARD/
 *(.note.GNU-stack)
 *(.gnu_debuglink)
 *(.gnu.lto_*)
OUTPUT(build/kernel.bin elf32-i386)
